// Jest Snapshot v1, https://goo.gl/fbAQLP

exports[`DatabaseEntityManager getDDLByEntity() should return DDL structure 1`] = `
Object {
  "columns": Array [
    Object {
      "generated": "increment",
      "isArray": false,
      "isGenerated": true,
      "isNullable": false,
      "isPrimary": true,
      "isUnique": true,
      "length": "",
      "name": "idInternal",
      "type": "integer",
      "unsigned": true,
      "zerofill": false,
    },
    Object {
      "generationStrategy": "uuid",
      "isArray": false,
      "isGenerated": true,
      "isNullable": true,
      "isPrimary": false,
      "isUnique": true,
      "length": undefined,
      "name": "id",
      "type": "uuid",
      "unsigned": false,
      "zerofill": false,
    },
    Object {
      "isArray": false,
      "isGenerated": false,
      "isNullable": false,
      "isPrimary": false,
      "isUnique": false,
      "length": 255,
      "name": "full_name",
      "type": "varchar",
      "unsigned": false,
      "zerofill": false,
    },
    Object {
      "isArray": true,
      "isGenerated": false,
      "isNullable": true,
      "isPrimary": false,
      "isUnique": false,
      "length": 255,
      "name": "tags",
      "type": "varchar",
      "unsigned": false,
      "zerofill": false,
    },
    Object {
      "isArray": true,
      "isGenerated": false,
      "isNullable": true,
      "isPrimary": false,
      "isUnique": false,
      "length": undefined,
      "name": "lucky_numbers",
      "type": "integer",
      "unsigned": false,
      "zerofill": false,
    },
    Object {
      "isArray": false,
      "isGenerated": false,
      "isNullable": true,
      "isPrimary": false,
      "isUnique": false,
      "length": undefined,
      "name": "birth_date",
      "type": "timestamp",
      "unsigned": false,
      "zerofill": false,
    },
    Object {
      "isArray": false,
      "isGenerated": false,
      "isNullable": true,
      "isPrimary": false,
      "isUnique": false,
      "length": undefined,
      "name": "has_pets",
      "type": "boolean",
      "unsigned": false,
      "zerofill": false,
    },
    Object {
      "isArray": false,
      "isGenerated": false,
      "isNullable": true,
      "isPrimary": false,
      "isUnique": false,
      "length": undefined,
      "name": "partner",
      "type": "integer",
      "unsigned": false,
      "zerofill": false,
    },
  ],
  "name": "eq_e_important_person",
}
`;
